D:\GIT_KYC\ms-rfa>git branch
  CPM-35390
  LegalManager-3
* RFAO5-Drop2
  completetabs
  dashboardpagination
  esignwsign

D:\GIT_KYC\ms-rfa>git checkout -b dashboarnew
Switched to a new branch 'dashboarnew'
M       ms-webapp-rfa-ui/main/src/styles/mcpmHeader.less
M       ms-webapp-rfa-ui/main/src/styles/screener_filters.less

D:\GIT_KYC\ms-rfa>git branch
  CPM-35390
  LegalManager-3
  RFAO5-Drop2
  completetabs
  dashboardpagination
* dashboarnew
  esignwsign

D:\GIT_KYC\ms-rfa>git status
On branch dashboarnew
Changes not staged for commit:
  (use "git add <file>..." to update what will be committed)
  (use "git checkout -- <file>..." to discard changes in working directory)

        modified:   ms-webapp-rfa-ui/main/src/styles/mcpmHeader.less
        modified:   ms-webapp-rfa-ui/main/src/styles/screener_filters.less

no changes added to commit (use "git add" and/or "git commit -a")

D:\GIT_KYC\ms-rfa>git addgit .

D:\GIT_KYC\ms-rfa>git status
On branch dashboarnew
Changes to be committed:
  (use "git reset HEAD <file>..." to unstage)

        modified:   ms-webapp-rfa-ui/main/src/styles/mcpmHeader.less
        modified:   ms-webapp-rfa-ui/main/src/styles/screener_filters.less


D:\GIT_KYC\ms-rfa>git commit -m "small change font bold search title"
[dashboarnew 22aacc408] small change font bold search title
 2 files changed, 19 insertions(+), 7 deletions(-)

D:\GIT_KYC\ms-rfa>git branch
  CPM-35390
  LegalManager-3
  RFAO5-Drop2
  completetabs
  dashboardpagination
* dashboarnew
  esignwsign

D:\GIT_KYC\ms-rfa>git checkout RFAO5-Drop2
Switched to branch 'RFAO5-Drop2'
Your branch is up to date with 'origin/RFAO5-Drop2'.

D:\GIT_KYC\ms-rfa>git status
On branch RFAO5-Drop2
Your branch is up to date with 'origin/RFAO5-Drop2'.

nothing to commit, working tree clean

D:\GIT_KYC\ms-rfa>git pull
...


D:\GIT_KYC\ms-rfa>git log -5
commit 68a4f0f9e267f783a7f3ef749465937280b10f54 (HEAD -> RFAO5-Drop2, origin/RFAO5-Drop2)
Merge: d34a54225 bc33d40bc
Author: Richa Bajaj <richa.bajaj@ihsmarkit.com>
Date:   Wed Oct 10 19:54:40 2018 +0530

    Merge branch 'RFAO5-Drop2' of https://git.markit.partners/a/rc-mcpm/ms-rfa into RFAO5-Drop2

D:\GIT_KYC\ms-rfa>git branch
  CPM-35390
  LegalManager-3
* RFAO5-Drop2
  completetabs
  dashboardpagination
  dashboarnew
  esignwsign

D:\GIT_KYC\ms-rfa>git checkout dashboarnew
Switched to branch 'dashboarnew'

D:\GIT_KYC\ms-rfa>git rebase RFAO5-Drop2
First, rewinding head to replay your work on top of it...
Applying: small change font bold search title

D:\GIT_KYC\ms-rfa>git branch
  CPM-35390
  LegalManager-3
  RFAO5-Drop2
  completetabs
  dashboardpagination
* dashboarnew
  esignwsign

D:\GIT_KYC\ms-rfa>git rebase  RFAO5-Drop2
Current branch dashboarnew is up to date.

D:\GIT_KYC\ms-rfa>git checkout RFAO5-Drop2
Switched to branch 'RFAO5-Drop2'
Your branch is up to date with 'origin/RFAO5-Drop2'.

D:\GIT_KYC\ms-rfa>git pull
remote: Counting objects: 2648, done
remote: Finding sources: 100% (23/23)
remote: Total 23 (delta 18), reused 23 (delta 18)
Unpacking objects: 100% (23/23), done.
From https://git.markit.partners/a/rc-mcpm/ms-rfa
   c7237c65d..b68904354  CPM-33237  -> origin/CPM-33237
Already up to date.

D:\GIT_KYC\ms-rfa>git rebase dashboarnew
First, rewinding head to replay your work on top of it...
Fast-forwarded RFAO5-Drop2 to dashboarnew.



D:\GIT_KYC\ms-rfa>git push -u origin RFAO5-Drop2
Counting objects: 17, done.
Delta compression using up to 4 threads.
Compressing objects: 100% (15/15), done.
Writing objects: 100% (17/17), 1.46 KiB | 747.00 KiB/s, done.
Total 17 (delta 13), reused 0 (delta 0)
remote: Resolving deltas: 100% (13/13)
remote: Processing changes: refs: 1, done
To https://git.markit.partners/a/rc-mcpm/ms-rfa
   68a4f0f9e..48f3574f2  RFAO5-Drop2 -> RFAO5-Drop2
Branch 'RFAO5-Drop2' set up to track remote branch 'RFAO5-Drop2' from 'origin'.

D:\GIT_KYC\ms-rfa>git log -3
commit 48f3574f2554ef616d5a753fc62594d385b1491f (HEAD -> RFAO5-Drop2, origin/RFAO5-Drop2, dashboarnew)
Author: Mumtaz <Mumtaz.Ahmed@ihsmarkit.com>
Date:   Wed Oct 10 20:23:58 2018 +0530

    multi check

D:\GIT_KYC\ms-rfa>git status
On branch RFAO5-Drop2
Your branch is up to date with 'origin/RFAO5-Drop2'.

nothing to commit, working tree clean

D:\GIT_KYC\ms-rfa>

..........................
D:\GIT_KYC\ms-rfa>git branch
  CPM-32819
  CPM-32824
  CPM-35390
  LegalManager-3
  RFAO5-Drop2
  completetabs
  cssexpandable
* dashboardpagination
  esignwsign
  legentscreener
  localChanges
  master
  newscreen
  
D:\GIT_KYC\ms-rfa>git branch -D RFAO5-Drop2
Deleted branch RFAO5-Drop2 (was fe27b197f).

D:\GIT_KYC\ms-rfa>git branch -a
  CPM-32819
  CPM-32824
  CPM-35390
  LegalManager-3
  completetabs
  cssexpandable
* dashboardpagination
  esignwsign
  legentscreener
  localChanges
  master
  newscreen
  remotes/origin/CPM-32142
  remotes/origin/CPM-32819
  remotes/origin/CPM-32821
  remotes/origin/CPM-32824
  remotes/origin/CPM-33237
  remotes/origin/CPM-34249
  remotes/origin/CPM-34757
  remotes/origin/CPM-34911
  remotes/origin/CPM-35390
  remotes/origin/CPM-35644
  remotes/origin/Escalation-dev
  remotes/origin/HEAD -> origin/master
  remotes/origin/LegalManager
  remotes/origin/RFAO5-Drop2
  remotes/origin/RFAO5-Drop2-UI
  remotes/origin/completetabs
  remotes/origin/dashboard-refine
  remotes/origin/master
  remotes/origin/ms-rfa-4.0.x
  remotes/origin/origin/master
  remotes/origin/test-branch
  remotes/origin/wip-CPM-33237-redlining

D:\GIT_KYC\ms-rfa>git checkout remotes/origin/RFAO5-Drop2 -b RFAO5-Drop2 -t
Switched to a new branch 'RFAO5-Drop2'
Branch 'RFAO5-Drop2' set up to track remote branch 'RFAO5-Drop2' from 'origin'.

D:\GIT_KYC\ms-rfa>git branch
  CPM-32819
  CPM-32824
  CPM-35390
  LegalManager-3
* RFAO5-Drop2
  completetabs
  cssexpandable
  dashboardpagination
  esignwsign
  legentscreener
  localChanges
  master
  newscreen




........................

Available options are
    -v, --verbose         display a diffstat of what changed upstream
    -q, --quiet           be quiet. implies --no-stat
    --autostash           automatically stash/stash pop before and after
    --fork-point          use 'merge-base --fork-point' to refine upstream
    --onto ...            rebase onto given branch instead of upstream
    -p, --preserve-merges
                          try to recreate merges instead of ignoring them
    -s, --strategy ...    use the given merge strategy
    --no-ff               cherry-pick all commits, even if unchanged
    -m, --merge           use merging strategies to rebase
    -i, --interactive     let the user edit the list of commits to rebase
    -x, --exec ...        add exec lines after each commit of the editable list
    -k, --keep-empty      preserve empty commits during rebase
    --allow-empty-message
                          allow rebasing commits with empty messages
    -f, --force-rebase    force rebase even if branch is up to date
    -X, --strategy-option ...
                          pass the argument through to the merge strategy
    --stat                display a diffstat of what changed upstream
    -n, --no-stat         do not show diffstat of what changed upstream
    --verify              allow pre-rebase hook to run
    --rerere-autoupdate   allow rerere to update index with resolved conflicts
    --root                rebase all reachable commits up to the root(s)
    --autosquash          move commits that begin with squash!/fixup! under -i
    --committer-date-is-author-date
                          passed to 'git am'
    --ignore-date         passed to 'git am'
    --signoff             passed to 'git am'
    --whitespace ...      passed to 'git apply'
    --ignore-whitespace   passed to 'git apply'
    -C ...                passed to 'git apply'
    -S, --gpg-sign[=...]  GPG-sign commits

Actions:
    --continue            continue
    --abort               abort and check out the original branch
    --skip                skip current patch and continue
    --edit-todo           edit the todo list during an interactive rebase
    --quit                abort but keep HEAD where it is
    --show-current-patch  show the patch file being applied or merged
	
	
	
D:\GIT_KYC\ms-rfa>git fetch
D:\GIT_KYC\ms-rfa>git branch -a
D:\GIT_KYC\ms-rfa>git checkout  remotes/origin/wip-custom-notification -b custom-notification -t

